[    1006ms] [WARNING] An iframe which has both allow-scripts and allow-same-origin for its sandbox attribute can escape its sandboxing. @ https://finance.yahoo.com/quote/HPE/:0
[    1039ms] [WARNING] <link rel=preload> uses an unsupported `as` value @ https://finance.yahoo.com/quote/HPE/:5
[    1150ms] [WARNING] An iframe which has both allow-scripts and allow-same-origin for its sandbox attribute can escape its sandboxing. @ https://s.yimg.com/aaq/f10d509c/d3lm64ch1c76ug.js:2
[    1152ms] [WARNING] An iframe which has both allow-scripts and allow-same-origin for its sandbox attribute can escape its sandboxing. @ https://s.yimg.com/aaq/f10d509c/d3lm64ch1c76ug.js:2
[    1154ms] [WARNING] An iframe which has both allow-scripts and allow-same-origin for its sandbox attribute can escape its sandboxing. @ https://s.yimg.com/aaq/f10d509c/d3lm64ch1c76ug.js:2
[    1187ms] [LOG] [FinSearchJS] Search initialized @ https://s.yimg.com/aaq/f10d509c/d3lm64ch1c76ug.js:2
[    1345ms] [WARNING] An iframe which has both allow-scripts and allow-same-origin for its sandbox attribute can escape its sandboxing. @ https://s.yimg.com/aaq/f10d509c/d3lm64ch1c76ug.js:2
[    1389ms] [TIMEEND] GA consent: 243.9189453125 ms @ https://s.yimg.com/ss/analytics-3.78.3.js:0
[    1399ms] [ERROR] Loading the image 'https://www.google.com.tw/ads/ga-audiences?v=1&t=sr&slf_rd=1&_r=4&tid=G-YD9K1W9DLN&cid=287877506.1780507222&gtm=45je6621h2v9194195370za200zd9194195370&rcb=13&aip=1&dma=0&gcs=G1-1&gcd=13l3r3r3r5l1&npa=0&frm=0&tag_exp=0~115938465~115938469~117776793~118228215~119027224&z=1471710300' violates the following Content Security Policy directive: "img-src 'self' data: blob: about: https://*.amazon-adsystem.com https://*.chartbeat.com https://*.chartbeat.net https://*.cloudfront.net/pixel.gif https://*.dotomi.com https://*.wc.yahoodns.net https://*.yahoo.com https://*.yahoo.net https://*.yimg.com https://media.zenfs.com https://o.aolcdn.com/images/dims https://pbs.twimg.com https://pbs-yahoo-us.ay.delivery https://pbs-yahoo-eu.ay.delivery https://pbs-yahoo-apac.ay.delivery https://platform.twitter.com https://public.flourish.studio/resources/ https://res.cloudinary.com/yfc-nonprod/ https://res.cloudinary.com/yfc-production/ https://s2.coinmarketcap.com/static/img/coins/ https://*.cryptoslam.io https://sb.scorecardresearch.com https://smetrics.att.com/b/ss/attnetprod/ https://syndication.twitter.com https://vop-yahoo.akamaized.net/pixel.gif https://www.facebook.com https://cdn.yodlee.com https://news-assets.stockstory.org https://*.googleadservices.com https://*.googlesyndication.com https://*.googletagservices.com https://*.1rx.io https://*.3lift.com https://*.adnxs.com https://*.adsafeprotected.com/ https://*.adsrvr.org https://*.adtrafficquality.google https://*.casalemedia.com https://*.cootlogix.com https://*.creativecdn.com https://*.criteo.com https://*.disqus.com https://*.emxdgt.com https://*.everesttech.net https://*.gumgum.com https://*.indexww.com/ https://*.kargo.com https://*.kueezrtb.com https://*.liadm.com https://*.lijit.com https://*.lijit.com/ https://*.media.net https://*.mediago.io https://*.openx.net https://*.pubmatic.com https://*.rfihub.com https://*.rubiconproject.com https://*.sharethrough.com https://*.sonobi.com https://*.taboola.com https://*.yellowblue.io https://*.yieldmo.com https://*.bidswitch.net https://api-taboola.com https://creativecdn.com https://prebid.a-mo.net https://ad-delivery.net https://*.dns-finder.com https://*.google-analytics.com https://*.googletagmanager.com https://*.doubleclick.net https://*.google.com https://*.google.de https://*.google.com.au https://*.google.ca https://*.google.co.uk https://*.google.co.nz https://*.google.com.sg https://*.google.es https://*.google.fr https://*.google.it https://*.google.com.br https://*.google.com.hk https://*.google.co.in". The action has been blocked. @ https://finance.yahoo.com/quote/HPE/:0
[    1565ms] [WARNING] [GPT] PubAdsService.getTargeting is deprecated, use googletag.getConfig('targeting') instead.
https://goo.gle/gpt-message#200 @ https://s.yimg.com/du/ay/wnsrvbjmeprtfrnfx.js:161
[    1567ms] [WARNING] [GPT] Slot.setSafeFrameConfig is deprecated, use Slot.setConfig({safeFrame: ...}) instead.
https://goo.gle/gpt-message#171 @ https://s.yimg.com/du/ay/wnsrvbjmeprtfrnfx.js:161
[    1802ms] [WARNING] An iframe which has both allow-scripts and allow-same-origin for its sandbox attribute can escape its sandboxing. @ https://s.yimg.com/aaq/f10d509c/d3lm64ch1c76ug.js:2
[    1823ms] [WARNING] An iframe which has both allow-scripts and allow-same-origin for its sandbox attribute can escape its sandboxing. @ https://s.yimg.com/aaq/f10d509c/d3lm64ch1c76ug.js:2
[    1898ms] [ERROR] Module tracking - element not found: top-banner @ https://s.yimg.com/du/ay/wnsrvbjmeprtfrnfx.js:161
[    1899ms] [ERROR] Module tracking - element not found: top-banner @ https://s.yimg.com/du/ay/wnsrvbjmeprtfrnfx.js:161
[    1899ms] [ERROR] Module tracking - element not found: top-banner-sticky @ https://s.yimg.com/du/ay/wnsrvbjmeprtfrnfx.js:161
[    1899ms] [ERROR] Module tracking - element not found: top-banner-sticky @ https://s.yimg.com/du/ay/wnsrvbjmeprtfrnfx.js:161
[    1899ms] [ERROR] Module tracking - element not found: siphon-overlay @ https://s.yimg.com/du/ay/wnsrvbjmeprtfrnfx.js:161
[    1899ms] [ERROR] Module tracking - element not found: siphon-overlay @ https://s.yimg.com/du/ay/wnsrvbjmeprtfrnfx.js:161
[    1899ms] [ERROR] Module tracking - element not found: dock-rmp @ https://s.yimg.com/du/ay/wnsrvbjmeprtfrnfx.js:161
[    1899ms] [ERROR] Module tracking - element not found: dock-rmp @ https://s.yimg.com/du/ay/wnsrvbjmeprtfrnfx.js:161
[    1899ms] [ERROR] Module tracking - element not found: dock-upsell-rmp-dialog @ https://s.yimg.com/du/ay/wnsrvbjmeprtfrnfx.js:161
[    1899ms] [ERROR] Module tracking - element not found: dock-upsell-rmp-dialog @ https://s.yimg.com/du/ay/wnsrvbjmeprtfrnfx.js:161
[    1899ms] [ERROR] Module tracking - element not found: footer-rmp @ https://s.yimg.com/du/ay/wnsrvbjmeprtfrnfx.js:161
[    1899ms] [ERROR] Module tracking - element not found: footer-rmp @ https://s.yimg.com/du/ay/wnsrvbjmeprtfrnfx.js:161
[    1932ms] [ERROR] Access to fetch at 'https://ads.yieldmo.com/exchange/prebid?pbav=9.53.2&p=%5B%7B%22placement_id%22%3A%22sda-E2E%22%2C%22callback_id%22%3A%2224982b2e96ad2db%22%2C%22sizes%22%3A%5B%5B728%2C90%5D%2C%5B970%2C250%5D%2C%5B970%2C90%5D%5D%2C%22ym_placement_id%22%3A%223492444192758505754%22%2C%22bidFloor%22%3A0.62%2C%22gpid%22%3A%22us_yfin_quote_dt_top_center%22%7D%5D&page_url=https%3A%2F%2Ffinance.yahoo.com%2Fquote%2FHPE%2F&bust=1780508902776&dnt=false&description=Find%20the%20latest%20Hewlett%20Packard%20Enterprise%20Company%20(HPE)%20stock%20quote%2C%20history%2C%20news%20and%20other%20vital%20information%20to%20help%20you%20with%20your%20stock%20trading%20and%20investing.&tmax=2000&userConsent=%7B%22gdprApplies%22%3A%22%22%2C%22cmp%22%3A%22%22%2C%22gpp%22%3A%22DBAA%22%2C%22gpp_sid%22%3A%5B-1%5D%7D&us_privacy=1---&pr=&scrd=1&title=Hewlett%20Packard%20Enterprise%20Company%20(HPE)%20Stock%20Price%2C%20News%2C%20Quote%20%26%20History%20-%20Yahoo%20Finance&w=1249&h=1225' from origin 'https://finance.yahoo.com' has been blocked by CORS policy: No 'Access-Control-Allow-Origin' header is present on the requested resource. @ https://finance.yahoo.com/quote/HPE/:0
[    1932ms] [ERROR] Failed to load resource: net::ERR_FAILED @ https://ads.yieldmo.com/exchange/prebid?pbav=9.53.2&p=%5B%7B%22placement_id%22%3A%22sda-E2E%22%2C%22callback_id%22%3A%2224982b2e96ad2db%22%2C%22sizes%22%3A%5B%5B728%2C90%5D%2C%5B970%2C250%5D%2C%5B970%2C90%5D%5D%2C%22ym_placement_id%22%3A%223492444192758505754%22%2C%22bidFloor%22%3A0.62%2C%22gpid%22%3A%22us_yfin_quote_dt_top_center%22%7D%5D&page_url=https%3A%2F%2Ffinance.yahoo.com%2Fquote%2FHPE%2F&bust=1780508902776&dnt=false&description=Find%20the%20latest%20Hewlett%20Packard%20Enterprise%20Company%20(HPE)%20stock%20quote%2C%20history%2C%20news%20and%20other%20vital%20information%20to%20help%20you%20with%20your%20stock%20trading%20and%20investing.&tmax=2000&userConsent=%7B%22gdprApplies%22%3A%22%22%2C%22cmp%22%3A%22%22%2C%22gpp%22%3A%22DBAA%22%2C%22gpp_sid%22%3A%5B-1%5D%7D&us_privacy=1---&pr=&scrd=1&title=Hewlett%20Packard%20Enterprise%20Company%20(HPE)%20Stock%20Price%2C%20News%2C%20Quote%20%26%20History%20-%20Yahoo%20Finance&w=1249&h=1225:0
[    1998ms] [LOG] info financeWebCore {"code":200,"surl":"https://query1.finance.yahoo.com/v1/test/getcrumb"} @ https://s.yimg.com/aaq/f10d509c/d3lm64ch1c76ug.js:2
[    2182ms] [ERROR] Failed to load resource: the server responded with a status of 404 () @ https://query1.finance.yahoo.com/v2/ratings/top/HPE?exclude_noncurrent=true&lang=en-US&region=US:0
[    2211ms] [ERROR] Logger Error: Ef
    at $e (https://finance.yahoo.com/assets/_app/immutable/chunks/local_grocery_store.DuyxPy8R.js:1:2884)
    at async I (https://finance.yahoo.com/assets/_app/immutable/chunks/local_grocery_store.DuyxPy8R.js:1:6312)
    at async Va (https://finance.yahoo.com/assets/_app/immutable/chunks/zh.json.DjnvWWai.js:1:755)
    at async Promise.all (index 0)
    at async Ji (https://finance.yahoo.com/assets/_app/immutable/chunks/87.o9bddDaW.js:16:881)
    at async B_ (https://finance.yahoo.com/assets/_app/immutable/chunks/87.o9bddDaW.js:16:1600) {perfLabel: loadTopAnalystRatings, headers: undefined} @ https://s.yimg.com/du/ay/wnsrvbjmeprtfrnfx.js:161
[    2395ms] [LOG] %cChart%cIQ%c Version: 9.8.0 font-family:sans-serif; font-size:14px; color: white; font-weight: normal; background-color: #feb912; padding: 2px 1px 2px 5px; font-family:sans-serif; font-size:14px; color: white; font-weight: bold; background-color: #feb912; padding: 2px 5px 2px 1px; font-size:12px; font-weight: bold; @ https://s.yimg.com/aaq/f10d509c/d3lm64ch1c76ug.js:2
[    2412ms] [WARNING] adgb - not initialized. @ https://s.yimg.com/du/ay/wnsrvbjmeprtfrnfx.js:161
[    2786ms] [WARNING] VIDEOJS: WARN: videojs.mergeOptions is deprecated and will be removed in 9.0; please use videojs.obj.merge instead. @ https://players.brightcove.net/6415665815001/VSckao7ImZ_default/index.min.js:0
[    2873ms] [INFO] Powered by AMP ⚡ HTML – Version 2605071401000 https://8da1d3b018f8ff6301424b91520fd11e.safeframe.googlesyndication.com/safeframe/1-0-45/html/container.html @ https://cdn.ampproject.org/rtv/012605071401000/amp4ads-v0.mjs:1
[    3178ms] [INFO] Powered by AMP ⚡ HTML – Version 2605071401000 https://8da1d3b018f8ff6301424b91520fd11e.safeframe.googlesyndication.com/safeframe/1-0-45/html/container.html @ https://cdn.ampproject.org/rtv/012605071401000/amp4ads-v0.mjs:1
[    3346ms] [ERROR] Attestation check for Shared Storage on https://www.googleadservices.com failed. @ https://www.googleadservices.com/pagead/managed/js/activeview/current/reach_worklet.html:0
[    3346ms] [ERROR] Attestation check for Shared Storage on https://www.googleadservices.com failed. @ https://www.googleadservices.com/pagead/managed/js/activeview/current/reach_worklet.html:0
[    3383ms] [ERROR] Attestation check for Shared Storage on https://www.googleadservices.com failed. @ https://www.googleadservices.com/pagead/managed/js/activeview/current/reach_worklet.html:0
[    3346ms] [ERROR] Attestation check for Shared Storage on https://www.googleadservices.com failed. @ https://www.googleadservices.com/pagead/managed/js/activeview/current/reach_worklet.html:0
[    3383ms] [ERROR] Attestation check for Shared Storage on https://www.googleadservices.com failed. @ https://www.googleadservices.com/pagead/managed/js/activeview/current/reach_worklet.html:0
[    3903ms] [ERROR] Attestation check for Shared Storage on https://www.googleadservices.com failed. @ https://www.googleadservices.com/pagead/managed/js/activeview/current/reach_worklet.html:0
